> #Installing Libraries
> install.packages("readr")
WARNING: Rtools is required to build R packages but is not currently installed. Please download and install the appropriate version of Rtools before proceeding:

https://cran.rstudio.com/bin/windows/Rtools/
Installing package into ‘C:/Users/Nithin/OneDrive/Documents/R/win-library/4.1’
(as ‘lib’ is unspecified)
also installing the dependencies ‘utf8’, ‘bit’, ‘purrr’, ‘prettyunits’, ‘glue’, ‘ellipsis’, ‘pkgconfig’, ‘vctrs’, ‘fansi’, ‘magrittr’, ‘pillar’, ‘bit64’, ‘tidyselect’, ‘withr’, ‘progress’, ‘cli’, ‘clipr’, ‘crayon’, ‘hms’, ‘rlang’, ‘R6’, ‘tibble’, ‘vroom’, ‘lifecycle’, ‘cpp11’, ‘tzdb’


  There is a binary version available but the source version is later:
      binary source needs_compilation
fansi  0.5.0  1.0.0              TRUE

  Binaries will be installed
trying URL 'https://cran.rstudio.com/bin/windows/contrib/4.1/utf8_1.2.2.zip'
Content type 'application/zip' length 210012 bytes (205 KB)
downloaded 205 KB

trying URL 'https://cran.rstudio.com/bin/windows/contrib/4.1/bit_4.0.4.zip'
Content type 'application/zip' length 636728 bytes (621 KB)
downloaded 621 KB

trying URL 'https://cran.rstudio.com/bin/windows/contrib/4.1/purrr_0.3.4.zip'
Content type 'application/zip' length 430347 bytes (420 KB)
downloaded 420 KB

trying URL 'https://cran.rstudio.com/bin/windows/contrib/4.1/prettyunits_1.1.1.zip'
Content type 'application/zip' length 37789 bytes (36 KB)
downloaded 36 KB

trying URL 'https://cran.rstudio.com/bin/windows/contrib/4.1/glue_1.6.0.zip'
Content type 'application/zip' length 173694 bytes (169 KB)
downloaded 169 KB

trying URL 'https://cran.rstudio.com/bin/windows/contrib/4.1/ellipsis_0.3.2.zip'
Content type 'application/zip' length 49239 bytes (48 KB)
downloaded 48 KB

trying URL 'https://cran.rstudio.com/bin/windows/contrib/4.1/pkgconfig_2.0.3.zip'
Content type 'application/zip' length 22512 bytes (21 KB)
downloaded 21 KB

trying URL 'https://cran.rstudio.com/bin/windows/contrib/4.1/vctrs_0.3.8.zip'
Content type 'application/zip' length 1254149 bytes (1.2 MB)
downloaded 1.2 MB

trying URL 'https://cran.rstudio.com/bin/windows/contrib/4.1/fansi_0.5.0.zip'
Content type 'application/zip' length 248710 bytes (242 KB)
downloaded 242 KB

trying URL 'https://cran.rstudio.com/bin/windows/contrib/4.1/magrittr_2.0.1.zip'
Content type 'application/zip' length 235964 bytes (230 KB)
downloaded 230 KB

trying URL 'https://cran.rstudio.com/bin/windows/contrib/4.1/pillar_1.6.4.zip'
Content type 'application/zip' length 1041756 bytes (1017 KB)
downloaded 1017 KB

trying URL 'https://cran.rstudio.com/bin/windows/contrib/4.1/bit64_4.0.5.zip'
Content type 'application/zip' length 565411 bytes (552 KB)
downloaded 552 KB

trying URL 'https://cran.rstudio.com/bin/windows/contrib/4.1/tidyselect_1.1.1.zip'
Content type 'application/zip' length 204376 bytes (199 KB)
downloaded 199 KB

trying URL 'https://cran.rstudio.com/bin/windows/contrib/4.1/withr_2.4.3.zip'
Content type 'application/zip' length 217519 bytes (212 KB)
downloaded 212 KB

trying URL 'https://cran.rstudio.com/bin/windows/contrib/4.1/progress_1.2.2.zip'
Content type 'application/zip' length 85967 bytes (83 KB)
downloaded 83 KB

trying URL 'https://cran.rstudio.com/bin/windows/contrib/4.1/cli_3.1.0.zip'
Content type 'application/zip' length 1233453 bytes (1.2 MB)
downloaded 1.2 MB

trying URL 'https://cran.rstudio.com/bin/windows/contrib/4.1/clipr_0.7.1.zip'
Content type 'application/zip' length 52679 bytes (51 KB)
downloaded 51 KB

trying URL 'https://cran.rstudio.com/bin/windows/contrib/4.1/crayon_1.4.2.zip'
Content type 'application/zip' length 157667 bytes (153 KB)
downloaded 153 KB

trying URL 'https://cran.rstudio.com/bin/windows/contrib/4.1/hms_1.1.1.zip'
Content type 'application/zip' length 104427 bytes (101 KB)
downloaded 101 KB

trying URL 'https://cran.rstudio.com/bin/windows/contrib/4.1/rlang_0.4.12.zip'
Content type 'application/zip' length 1202013 bytes (1.1 MB)
downloaded 1.1 MB

trying URL 'https://cran.rstudio.com/bin/windows/contrib/4.1/R6_2.5.1.zip'
Content type 'application/zip' length 84233 bytes (82 KB)
downloaded 82 KB

trying URL 'https://cran.rstudio.com/bin/windows/contrib/4.1/tibble_3.1.6.zip'
Content type 'application/zip' length 872220 bytes (851 KB)
downloaded 851 KB

trying URL 'https://cran.rstudio.com/bin/windows/contrib/4.1/vroom_1.5.7.zip'
Content type 'application/zip' length 2067889 bytes (2.0 MB)
downloaded 2.0 MB

trying URL 'https://cran.rstudio.com/bin/windows/contrib/4.1/lifecycle_1.0.1.zip'
Content type 'application/zip' length 123099 bytes (120 KB)
downloaded 120 KB

trying URL 'https://cran.rstudio.com/bin/windows/contrib/4.1/cpp11_0.4.2.zip'
Content type 'application/zip' length 327421 bytes (319 KB)
downloaded 319 KB

trying URL 'https://cran.rstudio.com/bin/windows/contrib/4.1/tzdb_0.2.0.zip'
Content type 'application/zip' length 1445322 bytes (1.4 MB)
downloaded 1.4 MB

trying URL 'https://cran.rstudio.com/bin/windows/contrib/4.1/readr_2.1.1.zip'
Content type 'application/zip' length 1798543 bytes (1.7 MB)
downloaded 1.7 MB

package ‘utf8’ successfully unpacked and MD5 sums checked
package ‘bit’ successfully unpacked and MD5 sums checked
package ‘purrr’ successfully unpacked and MD5 sums checked
package ‘prettyunits’ successfully unpacked and MD5 sums checked
package ‘glue’ successfully unpacked and MD5 sums checked
package ‘ellipsis’ successfully unpacked and MD5 sums checked
package ‘pkgconfig’ successfully unpacked and MD5 sums checked
package ‘vctrs’ successfully unpacked and MD5 sums checked
package ‘fansi’ successfully unpacked and MD5 sums checked
package ‘magrittr’ successfully unpacked and MD5 sums checked
package ‘pillar’ successfully unpacked and MD5 sums checked
package ‘bit64’ successfully unpacked and MD5 sums checked
package ‘tidyselect’ successfully unpacked and MD5 sums checked
package ‘withr’ successfully unpacked and MD5 sums checked
package ‘progress’ successfully unpacked and MD5 sums checked
package ‘cli’ successfully unpacked and MD5 sums checked
package ‘clipr’ successfully unpacked and MD5 sums checked
package ‘crayon’ successfully unpacked and MD5 sums checked
package ‘hms’ successfully unpacked and MD5 sums checked
package ‘rlang’ successfully unpacked and MD5 sums checked
package ‘R6’ successfully unpacked and MD5 sums checked
package ‘tibble’ successfully unpacked and MD5 sums checked
package ‘vroom’ successfully unpacked and MD5 sums checked
package ‘lifecycle’ successfully unpacked and MD5 sums checked
package ‘cpp11’ successfully unpacked and MD5 sums checked
package ‘tzdb’ successfully unpacked and MD5 sums checked
package ‘readr’ successfully unpacked and MD5 sums checked

The downloaded binary packages are in
	C:\Users\Nithin\AppData\Local\Temp\Rtmpe08l18\downloaded_packages
> install.packages("ggplot2")
WARNING: Rtools is required to build R packages but is not currently installed. Please download and install the appropriate version of Rtools before proceeding:

https://cran.rstudio.com/bin/windows/Rtools/
Installing package into ‘C:/Users/Nithin/OneDrive/Documents/R/win-library/4.1’
(as ‘lib’ is unspecified)
also installing the dependencies ‘colorspace’, ‘farver’, ‘labeling’, ‘munsell’, ‘RColorBrewer’, ‘viridisLite’, ‘digest’, ‘gtable’, ‘isoband’, ‘scales’

trying URL 'https://cran.rstudio.com/bin/windows/contrib/4.1/colorspace_2.0-2.zip'
Content type 'application/zip' length 2645198 bytes (2.5 MB)
downloaded 2.5 MB

trying URL 'https://cran.rstudio.com/bin/windows/contrib/4.1/farver_2.1.0.zip'
Content type 'application/zip' length 1752720 bytes (1.7 MB)
downloaded 1.7 MB

trying URL 'https://cran.rstudio.com/bin/windows/contrib/4.1/labeling_0.4.2.zip'
Content type 'application/zip' length 62679 bytes (61 KB)
downloaded 61 KB

trying URL 'https://cran.rstudio.com/bin/windows/contrib/4.1/munsell_0.5.0.zip'
Content type 'application/zip' length 245586 bytes (239 KB)
downloaded 239 KB

trying URL 'https://cran.rstudio.com/bin/windows/contrib/4.1/RColorBrewer_1.1-2.zip'
Content type 'application/zip' length 55707 bytes (54 KB)
downloaded 54 KB

trying URL 'https://cran.rstudio.com/bin/windows/contrib/4.1/viridisLite_0.4.0.zip'
Content type 'application/zip' length 1299504 bytes (1.2 MB)
downloaded 1.2 MB

trying URL 'https://cran.rstudio.com/bin/windows/contrib/4.1/digest_0.6.29.zip'
Content type 'application/zip' length 266564 bytes (260 KB)
downloaded 260 KB

trying URL 'https://cran.rstudio.com/bin/windows/contrib/4.1/gtable_0.3.0.zip'
Content type 'application/zip' length 434323 bytes (424 KB)
downloaded 424 KB

trying URL 'https://cran.rstudio.com/bin/windows/contrib/4.1/isoband_0.2.5.zip'
Content type 'application/zip' length 2726715 bytes (2.6 MB)
downloaded 2.6 MB

trying URL 'https://cran.rstudio.com/bin/windows/contrib/4.1/scales_1.1.1.zip'
Content type 'application/zip' length 558541 bytes (545 KB)
downloaded 545 KB

trying URL 'https://cran.rstudio.com/bin/windows/contrib/4.1/ggplot2_3.3.5.zip'
Content type 'application/zip' length 4129599 bytes (3.9 MB)
downloaded 3.9 MB

package ‘colorspace’ successfully unpacked and MD5 sums checked
package ‘farver’ successfully unpacked and MD5 sums checked
package ‘labeling’ successfully unpacked and MD5 sums checked
package ‘munsell’ successfully unpacked and MD5 sums checked
package ‘RColorBrewer’ successfully unpacked and MD5 sums checked
package ‘viridisLite’ successfully unpacked and MD5 sums checked
package ‘digest’ successfully unpacked and MD5 sums checked
package ‘gtable’ successfully unpacked and MD5 sums checked
package ‘isoband’ successfully unpacked and MD5 sums checked
package ‘scales’ successfully unpacked and MD5 sums checked
package ‘ggplot2’ successfully unpacked and MD5 sums checked

The downloaded binary packages are in
	C:\Users\Nithin\AppData\Local\Temp\Rtmpe08l18\downloaded_packages
> install.packages("TSA")
WARNING: Rtools is required to build R packages but is not currently installed. Please download and install the appropriate version of Rtools before proceeding:

https://cran.rstudio.com/bin/windows/Rtools/
Installing package into ‘C:/Users/Nithin/OneDrive/Documents/R/win-library/4.1’
(as ‘lib’ is unspecified)
also installing the dependencies ‘xts’, ‘TTR’, ‘curl’, ‘quadprog’, ‘zoo’, ‘quantmod’, ‘leaps’, ‘locfit’, ‘tseries’

trying URL 'https://cran.rstudio.com/bin/windows/contrib/4.1/xts_0.12.1.zip'
Content type 'application/zip' length 944057 bytes (921 KB)
downloaded 921 KB

trying URL 'https://cran.rstudio.com/bin/windows/contrib/4.1/TTR_0.24.3.zip'
Content type 'application/zip' length 536877 bytes (524 KB)
downloaded 524 KB

trying URL 'https://cran.rstudio.com/bin/windows/contrib/4.1/curl_4.3.2.zip'
Content type 'application/zip' length 4322600 bytes (4.1 MB)
downloaded 4.1 MB

trying URL 'https://cran.rstudio.com/bin/windows/contrib/4.1/quadprog_1.5-8.zip'
Content type 'application/zip' length 50391 bytes (49 KB)
downloaded 49 KB

trying URL 'https://cran.rstudio.com/bin/windows/contrib/4.1/zoo_1.8-9.zip'
Content type 'application/zip' length 1038520 bytes (1014 KB)
downloaded 1014 KB

trying URL 'https://cran.rstudio.com/bin/windows/contrib/4.1/quantmod_0.4.18.zip'
Content type 'application/zip' length 1026628 bytes (1002 KB)
downloaded 1002 KB

trying URL 'https://cran.rstudio.com/bin/windows/contrib/4.1/leaps_3.1.zip'
Content type 'application/zip' length 103062 bytes (100 KB)
downloaded 100 KB

trying URL 'https://cran.rstudio.com/bin/windows/contrib/4.1/locfit_1.5-9.4.zip'
Content type 'application/zip' length 672037 bytes (656 KB)
downloaded 656 KB

trying URL 'https://cran.rstudio.com/bin/windows/contrib/4.1/tseries_0.10-49.zip'
Content type 'application/zip' length 410208 bytes (400 KB)
downloaded 400 KB

trying URL 'https://cran.rstudio.com/bin/windows/contrib/4.1/TSA_1.3.zip'
Content type 'application/zip' length 534699 bytes (522 KB)
downloaded 522 KB

package ‘xts’ successfully unpacked and MD5 sums checked
package ‘TTR’ successfully unpacked and MD5 sums checked
package ‘curl’ successfully unpacked and MD5 sums checked
package ‘quadprog’ successfully unpacked and MD5 sums checked
package ‘zoo’ successfully unpacked and MD5 sums checked
package ‘quantmod’ successfully unpacked and MD5 sums checked
package ‘leaps’ successfully unpacked and MD5 sums checked
package ‘locfit’ successfully unpacked and MD5 sums checked
package ‘tseries’ successfully unpacked and MD5 sums checked
package ‘TSA’ successfully unpacked and MD5 sums checked

The downloaded binary packages are in
	C:\Users\Nithin\AppData\Local\Temp\Rtmpe08l18\downloaded_packages
> install.packages("tseries")
WARNING: Rtools is required to build R packages but is not currently installed. Please download and install the appropriate version of Rtools before proceeding:

https://cran.rstudio.com/bin/windows/Rtools/
Installing package into ‘C:/Users/Nithin/OneDrive/Documents/R/win-library/4.1’
(as ‘lib’ is unspecified)
trying URL 'https://cran.rstudio.com/bin/windows/contrib/4.1/tseries_0.10-49.zip'
Content type 'application/zip' length 410208 bytes (400 KB)
downloaded 400 KB

package ‘tseries’ successfully unpacked and MD5 sums checked

The downloaded binary packages are in
	C:\Users\Nithin\AppData\Local\Temp\Rtmpe08l18\downloaded_packages
> install.packages("fUnitRoots")
WARNING: Rtools is required to build R packages but is not currently installed. Please download and install the appropriate version of Rtools before proceeding:

https://cran.rstudio.com/bin/windows/Rtools/
Installing package into ‘C:/Users/Nithin/OneDrive/Documents/R/win-library/4.1’
(as ‘lib’ is unspecified)
also installing the dependencies ‘gss’, ‘stabledist’, ‘timeDate’, ‘timeSeries’, ‘fBasics’, ‘urca’

trying URL 'https://cran.rstudio.com/bin/windows/contrib/4.1/gss_2.2-3.zip'
Content type 'application/zip' length 1785483 bytes (1.7 MB)
downloaded 1.7 MB

trying URL 'https://cran.rstudio.com/bin/windows/contrib/4.1/stabledist_0.7-1.zip'
Content type 'application/zip' length 76014 bytes (74 KB)
downloaded 74 KB

trying URL 'https://cran.rstudio.com/bin/windows/contrib/4.1/timeDate_3043.102.zip'
Content type 'application/zip' length 1553012 bytes (1.5 MB)
downloaded 1.5 MB

trying URL 'https://cran.rstudio.com/bin/windows/contrib/4.1/timeSeries_3062.100.zip'
Content type 'application/zip' length 1832841 bytes (1.7 MB)
downloaded 1.7 MB

trying URL 'https://cran.rstudio.com/bin/windows/contrib/4.1/fBasics_3042.89.1.zip'
Content type 'application/zip' length 2729288 bytes (2.6 MB)
downloaded 2.6 MB

trying URL 'https://cran.rstudio.com/bin/windows/contrib/4.1/urca_1.3-0.zip'
Content type 'application/zip' length 1106579 bytes (1.1 MB)
downloaded 1.1 MB

trying URL 'https://cran.rstudio.com/bin/windows/contrib/4.1/fUnitRoots_3042.79.zip'
Content type 'application/zip' length 672434 bytes (656 KB)
downloaded 656 KB

package ‘gss’ successfully unpacked and MD5 sums checked
package ‘stabledist’ successfully unpacked and MD5 sums checked
package ‘timeDate’ successfully unpacked and MD5 sums checked
package ‘timeSeries’ successfully unpacked and MD5 sums checked
package ‘fBasics’ successfully unpacked and MD5 sums checked
package ‘urca’ successfully unpacked and MD5 sums checked
package ‘fUnitRoots’ successfully unpacked and MD5 sums checked

The downloaded binary packages are in
	C:\Users\Nithin\AppData\Local\Temp\Rtmpe08l18\downloaded_packages
> install.packages("forecast")
WARNING: Rtools is required to build R packages but is not currently installed. Please download and install the appropriate version of Rtools before proceeding:

https://cran.rstudio.com/bin/windows/Rtools/
Installing package into ‘C:/Users/Nithin/OneDrive/Documents/R/win-library/4.1’
(as ‘lib’ is unspecified)
also installing the dependencies ‘fracdiff’, ‘lmtest’, ‘Rcpp’, ‘RcppArmadillo’

trying URL 'https://cran.rstudio.com/bin/windows/contrib/4.1/fracdiff_1.5-1.zip'
Content type 'application/zip' length 136065 bytes (132 KB)
downloaded 132 KB

trying URL 'https://cran.rstudio.com/bin/windows/contrib/4.1/lmtest_0.9-39.zip'
Content type 'application/zip' length 414660 bytes (404 KB)
downloaded 404 KB

trying URL 'https://cran.rstudio.com/bin/windows/contrib/4.1/Rcpp_1.0.7.zip'
Content type 'application/zip' length 3263401 bytes (3.1 MB)
downloaded 3.1 MB

trying URL 'https://cran.rstudio.com/bin/windows/contrib/4.1/RcppArmadillo_0.10.7.5.0.zip'
Content type 'application/zip' length 2392588 bytes (2.3 MB)
downloaded 2.3 MB

trying URL 'https://cran.rstudio.com/bin/windows/contrib/4.1/forecast_8.16.zip'
Content type 'application/zip' length 2346717 bytes (2.2 MB)
downloaded 2.2 MB

package ‘fracdiff’ successfully unpacked and MD5 sums checked
package ‘lmtest’ successfully unpacked and MD5 sums checked
package ‘Rcpp’ successfully unpacked and MD5 sums checked
package ‘RcppArmadillo’ successfully unpacked and MD5 sums checked
package ‘forecast’ successfully unpacked and MD5 sums checked

The downloaded binary packages are in
	C:\Users\Nithin\AppData\Local\Temp\Rtmpe08l18\downloaded_packages
> install.packages("lmtest")
WARNING: Rtools is required to build R packages but is not currently installed. Please download and install the appropriate version of Rtools before proceeding:

https://cran.rstudio.com/bin/windows/Rtools/
Installing package into ‘C:/Users/Nithin/OneDrive/Documents/R/win-library/4.1’
(as ‘lib’ is unspecified)
trying URL 'https://cran.rstudio.com/bin/windows/contrib/4.1/lmtest_0.9-39.zip'
Content type 'application/zip' length 414660 bytes (404 KB)
downloaded 404 KB

package ‘lmtest’ successfully unpacked and MD5 sums checked

The downloaded binary packages are in
	C:\Users\Nithin\AppData\Local\Temp\Rtmpe08l18\downloaded_packages
> install.packages("gtools")
WARNING: Rtools is required to build R packages but is not currently installed. Please download and install the appropriate version of Rtools before proceeding:

https://cran.rstudio.com/bin/windows/Rtools/
Installing package into ‘C:/Users/Nithin/OneDrive/Documents/R/win-library/4.1’
(as ‘lib’ is unspecified)
trying URL 'https://cran.rstudio.com/bin/windows/contrib/4.1/gtools_3.9.2.zip'
Content type 'application/zip' length 367237 bytes (358 KB)
downloaded 358 KB

package ‘gtools’ successfully unpacked and MD5 sums checked

The downloaded binary packages are in
	C:\Users\Nithin\AppData\Local\Temp\Rtmpe08l18\downloaded_packages
> install.packages("MLmetrics")
WARNING: Rtools is required to build R packages but is not currently installed. Please download and install the appropriate version of Rtools before proceeding:

https://cran.rstudio.com/bin/windows/Rtools/
Installing package into ‘C:/Users/Nithin/OneDrive/Documents/R/win-library/4.1’
(as ‘lib’ is unspecified)
also installing the dependencies ‘bitops’, ‘caTools’, ‘gplots’, ‘ROCR’

trying URL 'https://cran.rstudio.com/bin/windows/contrib/4.1/bitops_1.0-7.zip'
Content type 'application/zip' length 42557 bytes (41 KB)
downloaded 41 KB

trying URL 'https://cran.rstudio.com/bin/windows/contrib/4.1/caTools_1.18.2.zip'
Content type 'application/zip' length 316539 bytes (309 KB)
downloaded 309 KB

trying URL 'https://cran.rstudio.com/bin/windows/contrib/4.1/gplots_3.1.1.zip'
Content type 'application/zip' length 603354 bytes (589 KB)
downloaded 589 KB

trying URL 'https://cran.rstudio.com/bin/windows/contrib/4.1/ROCR_1.0-11.zip'
Content type 'application/zip' length 458411 bytes (447 KB)
downloaded 447 KB

trying URL 'https://cran.rstudio.com/bin/windows/contrib/4.1/MLmetrics_1.1.1.zip'
Content type 'application/zip' length 75881 bytes (74 KB)
downloaded 74 KB

package ‘bitops’ successfully unpacked and MD5 sums checked
package ‘caTools’ successfully unpacked and MD5 sums checked
package ‘gplots’ successfully unpacked and MD5 sums checked
package ‘ROCR’ successfully unpacked and MD5 sums checked
package ‘MLmetrics’ successfully unpacked and MD5 sums checked

The downloaded binary packages are in
	C:\Users\Nithin\AppData\Local\Temp\Rtmpe08l18\downloaded_packages
> #Importing Libraries
> library(readr)
Warning message:
package ‘readr’ was built under R version 4.1.2 
> library(ggplot2)
Use suppressPackageStartupMessages() to eliminate package startup messages
Warning message:
package ‘ggplot2’ was built under R version 4.1.2 
> library(TSA)

Attaching package: ‘TSA’

The following object is masked from ‘package:readr’:

    spec

The following objects are masked from ‘package:stats’:

    acf, arima

The following object is masked from ‘package:utils’:

    tar

Warning message:
package ‘TSA’ was built under R version 4.1.2 
> library(tseries)
Registered S3 method overwritten by 'quantmod':
  method            from
  as.zoo.data.frame zoo 

    ‘tseries’ version: 0.10-49

    ‘tseries’ is a package for time series analysis and computational finance.

    See ‘library(help="tseries")’ for details.

Warning message:
package ‘tseries’ was built under R version 4.1.2 
> library(fUnitRoots)
Loading required package: timeDate

Attaching package: ‘timeDate’

The following objects are masked from ‘package:TSA’:

    kurtosis, skewness

Loading required package: timeSeries
Loading required package: fBasics
Warning messages:
1: package ‘fUnitRoots’ was built under R version 4.1.2 
2: package ‘timeDate’ was built under R version 4.1.1 
3: package ‘timeSeries’ was built under R version 4.1.2 
4: package ‘fBasics’ was built under R version 4.1.2 
> library(forecast)
Registered S3 methods overwritten by 'forecast':
  method       from
  fitted.Arima TSA 
  plot.Arima   TSA 
This is forecast 8.16 
  Need help getting started? Try the online textbook FPP:
  http://otexts.com/fpp2/
Warning message:
package ‘forecast’ was built under R version 4.1.2 
> library(lmtest)
Loading required package: zoo

Attaching package: ‘zoo’

The following object is masked from ‘package:timeSeries’:

    time<-

The following objects are masked from ‘package:base’:

    as.Date, as.Date.numeric

Warning messages:
1: package ‘lmtest’ was built under R version 4.1.2 
2: package ‘zoo’ was built under R version 4.1.2 
> library(gtools)
Warning message:
package ‘gtools’ was built under R version 4.1.2 
> library(MLmetrics)

Attaching package: ‘MLmetrics’

The following object is masked from ‘package:base’:

    Recall

Warning message:
package ‘MLmetrics’ was built under R version 4.1.2 
> df <- read_csv("C:/Users/Nithin/Downloads/shampoo.txt")
Rows: 36 Columns: 2                                                                                                    
-- Column specification -------------------------------------------------------------------------------------------------
Delimiter: ","
chr (1): Month
dbl (1): Sales

i Use `spec()` to retrieve the full column specification for this data.
i Specify the column types or set `show_col_types = FALSE` to quiet this message.
> plot(df$Sales,type="o")
> #Converting into Time series 
> dfc <-ts(df[,2],start=2000,frequency=12)
> dfc
       Jan   Feb   Mar   Apr   May   Jun   Jul   Aug   Sep   Oct   Nov   Dec
2000 266.0 145.9 183.1 119.3 180.3 168.5 231.8 224.5 192.8 122.9 336.5 185.9
2001 194.3 149.5 210.1 273.3 191.4 287.0 226.0 303.6 289.9 421.6 264.5 342.3
2002 339.7 440.4 315.9 439.3 401.3 437.4 575.5 407.6 682.0 475.3 581.3 646.9
> plot(dfc,type="o")
> plot(decompose(dfc))
> tsdisplay(dfc,main="ACF-PACF-OBSERVERED PLOTS")
> ggseasonplot(dfc,year.labels = TRUE)
> points(y=dfc,x=time(dfc), pch=as.vector(season(dfc)))
> #Auto-Correlation and Partial Auto Correlation Function(ACF &  PACF)
Warning messages:
1: In doTryCatch(return(expr), name, parentenv, handler) :
  invalid graphics state
2: In doTryCatch(return(expr), name, parentenv, handler) :
  invalid graphics state
> acf(dfc, lag.max = 36) 
> pacf(dfc, lag.max = 36)
> #Train and Test
> traindf<-ts(dfc[1:24],start=2000,frequency = 12)
> traindf  #67%
       Jan   Feb   Mar   Apr   May   Jun   Jul   Aug   Sep   Oct   Nov   Dec
2000 266.0 145.9 183.1 119.3 180.3 168.5 231.8 224.5 192.8 122.9 336.5 185.9
2001 194.3 149.5 210.1 273.3 191.4 287.0 226.0 303.6 289.9 421.6 264.5 342.3
> acf(traindf)
> pacf(traindf)
> tsdisplay(traindf,main = "ACF-PACF-OBSERVERED PLOTS OF TRAIN")
> testdf<-ts(dfc[25:36],start=c(2002,01),frequency = 12)
> testdf   #33%
       Jan   Feb   Mar   Apr   May   Jun   Jul   Aug   Sep   Oct   Nov   Dec
2002 339.7 440.4 315.9 439.3 401.3 437.4 575.5 407.6 682.0 475.3 581.3 646.9
> adf.test(traindf)

	Augmented Dickey-Fuller Test

data:  traindf
Dickey-Fuller = -3.0324, Lag order = 2, p-value = 0.1791
alternative hypothesis: stationary

> adf.test(testdf)

	Augmented Dickey-Fuller Test

data:  testdf
Dickey-Fuller = -1.4513, Lag order = 2, p-value = 0.7814
alternative hypothesis: stationary

> #first order differencing  d=0
> dif=diff(traindf)
> dif
        Jan    Feb    Mar    Apr    May    Jun    Jul    Aug    Sep    Oct    Nov    Dec
2000        -120.1   37.2  -63.8   61.0  -11.8   63.3   -7.3  -31.7  -69.9  213.6 -150.6
2001    8.4  -44.8   60.6   63.2  -81.9   95.6  -61.0   77.6  -13.7  131.7 -157.1   77.8
> acf(dif)
> pacf(dif)
> adf.test(dif)

	Augmented Dickey-Fuller Test

data:  dif
Dickey-Fuller = -4.8787, Lag order = 2, p-value = 0.01
alternative hypothesis: stationary

Warning message:
In adf.test(dif) : p-value smaller than printed p-value
> tsdisplay(dif,main="ACF-PACF-OBSERVED PLOTS OF DIFFERENCING")
> #second order differencing d=1
> dif2=diff(dif)
> dif2
        Jan    Feb    Mar    Apr    May    Jun    Jul    Aug    Sep    Oct    Nov    Dec
2000                157.3 -101.0  124.8  -72.8   75.1  -70.6  -24.4  -38.2  283.5 -364.2
2001  159.0  -53.2  105.4    2.6 -145.1  177.5 -156.6  138.6  -91.3  145.4 -288.8  234.9
> autoplot(dif2)
> acf(dif2)
> pacf(dif2)
> adf.test(dif2)

	Augmented Dickey-Fuller Test

data:  dif2
Dickey-Fuller = -5.0963, Lag order = 2, p-value = 0.01
alternative hypothesis: stationary

Warning message:
In adf.test(dif2) : p-value smaller than printed p-value
> tsdisplay(dif2)
> #Arima
> fit=Arima(traindf,c(1,0,1))   
> fit
Series: traindf 
ARIMA(1,0,1) with non-zero mean 

Coefficients:
         ar1      ma1      mean
      0.8893  -0.6412  239.4946
s.e.  0.1476   0.2007   36.6293

sigma^2 = 5035:  log likelihood = -134.94
AIC=277.89   AICc=279.99   BIC=282.6
> auto.arima(traindf)
Series: traindf 
ARIMA(1,1,0) 

Coefficients:
          ar1
      -0.6761
s.e.   0.1547

sigma^2 = 4664:  log likelihood = -129.58
AIC=263.15   AICc=263.75   BIC=265.43
> #Prediction
> pre<-predict(fit,12)
> pree<-round(pre$pred,1)
> pree
       Jan   Feb   Mar   Apr   May   Jun   Jul   Aug   Sep   Oct   Nov   Dec
2002 293.1 287.2 281.9 277.2 273.0 269.3 266.0 263.1 260.5 258.2 256.1 254.2
> length(pre$pred)
[1] 12
> 
> #Mean Absolute Percentage Error
> map<-round(MAPE(traindf[13:24],pree),3)
> map #0.24
[1] 0.24
> 